// Jest Snapshot v1, https://goo.gl/fbAQLP

exports[`Artist Question Screen renders correctly 1`] = `
<section
  className="game__screen"
>
  <h2
    className="game__title"
  >
    Кто исполняет эту песню?
  </h2>
  <div
    className="game__track"
  >
    <button
      className="track__button track__button--play"
      type="button"
    />
    <audio
      src=""
    />
  </div>
  <form
    className="game__artist"
    onChange={[Function]}
  >
    <div
      className="artist"
    >
      <input
        className="artist__input visually-hidden"
        id="answer-0"
        name="answer"
        type="radio"
        value="answer-0"
      />
      <label
        className="artist__name"
        htmlFor="answer-0"
      >
        <img
          alt="Пелагея"
          className="artist__picture"
          src=""
        />
        Пелагея
      </label>
    </div>
    <div
      className="artist"
    >
      <input
        className="artist__input visually-hidden"
        id="answer-1"
        name="answer"
        type="radio"
        value="answer-1"
      />
      <label
        className="artist__name"
        htmlFor="answer-1"
      >
        <img
          alt="Краснознаменная дивизия имени моей бабушки"
          className="artist__picture"
          src=""
        />
        Краснознаменная дивизия имени моей бабушки
      </label>
    </div>
    <div
      className="artist"
    >
      <input
        className="artist__input visually-hidden"
        id="answer-2"
        name="answer"
        type="radio"
        value="answer-2"
      />
      <label
        className="artist__name"
        htmlFor="answer-2"
      >
        <img
          alt="Lorde"
          className="artist__picture"
          src=""
        />
        Lorde
      </label>
    </div>
  </form>
</section>
`;
